// Vitest Snapshot v1, https://vitest.dev/guide/snapshot.html

exports[`centralized error guardrails > pins the complete situation matrix independently of factories 1`] = `
{
  "accessDenied": {
    "code": "FORBIDDEN",
    "message": "You do not have permission to access this resource.",
    "reason": "ACCESS_DENIED",
    "status": 403,
  },
  "agreementRequired": {
    "code": "FORBIDDEN",
    "message": "Accept the current Participant agreement before accessing Projects.",
    "reason": "PARTICIPANT_AGREEMENT_REQUIRED",
    "status": 403,
  },
  "agreementUnavailable": {
    "code": "BAD_REQUEST",
    "message": "Participant agreement is not yet available.",
    "reason": "PARTICIPANT_AGREEMENT_UNAVAILABLE",
    "status": 400,
  },
  "allocationParticipationRequired": {
    "code": "BAD_REQUEST",
    "message": "Each allocation must reference a Participation in this Project Partnership.",
    "reason": "ALLOCATION_PARTICIPATION_REQUIRED",
    "status": 400,
  },
  "badInput": {
    "code": "BAD_REQUEST",
    "message": "We could not complete that request. Check your details and try again.",
    "reason": "INVALID_INPUT",
    "status": 400,
  },
  "claimApprovalRequired": {
    "code": "BAD_REQUEST",
    "message": "Claim must be approved to record payment.",
    "reason": "CLAIM_APPROVAL_REQUIRED",
    "status": 400,
  },
  "claimDocumentReferencesRequired": {
    "code": "BAD_REQUEST",
    "message": "Cost entry and Proof Document must belong to this Claim.",
    "reason": "CLAIM_DOCUMENT_REFERENCES_REQUIRED",
    "status": 400,
  },
  "claimNotEditable": {
    "code": "BAD_REQUEST",
    "message": "Claim is not editable.",
    "reason": "CLAIM_NOT_EDITABLE",
    "status": 400,
  },
  "claimNotFound": {
    "code": "NOT_FOUND",
    "message": "Claim not found in scope.",
    "reason": "CLAIM_NOT_FOUND",
    "status": 404,
  },
  "claimPaidRequired": {
    "code": "BAD_REQUEST",
    "message": "Only a paid Claim can have its paid flag corrected.",
    "reason": "CLAIM_PAID_REQUIRED",
    "status": 400,
  },
  "claimRejectedRequired": {
    "code": "BAD_REQUEST",
    "message": "Claim must be rejected for this review decision.",
    "reason": "CLAIM_REJECTED_REQUIRED",
    "status": 400,
  },
  "claimRequiredForCosts": {
    "code": "BAD_REQUEST",
    "message": "Save an editable Claim before adding costs.",
    "reason": "CLAIM_REQUIRED_FOR_COSTS",
    "status": 400,
  },
  "claimRequiredForJourney": {
    "code": "BAD_REQUEST",
    "message": "Save an editable Claim before updating a Participant Journey.",
    "reason": "CLAIM_REQUIRED_FOR_JOURNEY",
    "status": 400,
  },
  "claimRequiredForProof": {
    "code": "BAD_REQUEST",
    "message": "Save an editable Claim before uploading a Proof Document.",
    "reason": "CLAIM_REQUIRED_FOR_PROOF",
    "status": 400,
  },
  "claimRequiredForSubmission": {
    "code": "BAD_REQUEST",
    "message": "Save an editable Claim before submitting.",
    "reason": "CLAIM_REQUIRED_FOR_SUBMISSION",
    "status": 400,
  },
  "claimReviewUnavailable": {
    "code": "BAD_REQUEST",
    "message": "No submitted Claim is available for review.",
    "reason": "CLAIM_REVIEW_UNAVAILABLE",
    "status": 400,
  },
  "claimSubmittedRequired": {
    "code": "BAD_REQUEST",
    "message": "Claim must be submitted for this review decision.",
    "reason": "CLAIM_SUBMITTED_REQUIRED",
    "status": 400,
  },
  "conflict": {
    "code": "CONFLICT",
    "message": "The resource state conflicts with this request. Reload and try again.",
    "reason": "STATE_CONFLICT",
    "status": 409,
  },
  "coordinatorSelectionRequired": {
    "code": "BAD_REQUEST",
    "message": "Select an Owner, Admin, or Project Coordinator in the Partner Organization.",
    "reason": "ELIGIBLE_COORDINATOR_REQUIRED",
    "status": 400,
  },
  "costEntryRequired": {
    "code": "BAD_REQUEST",
    "message": "Cost entry does not belong to this Claim.",
    "reason": "COST_ENTRY_REQUIRED",
    "status": 400,
  },
  "eligibleParticipantRequired": {
    "code": "BAD_REQUEST",
    "message": "Select an eligible onboarded User or use a Participant invitation.",
    "reason": "ELIGIBLE_PARTICIPANT_REQUIRED",
    "status": 400,
  },
  "fullTransferRequired": {
    "code": "BAD_REQUEST",
    "message": "Transfer must equal the full approved EUR amount.",
    "reason": "FULL_TRANSFER_REQUIRED",
    "status": 400,
  },
  "hostCoordinationRequired": {
    "code": "FORBIDDEN",
    "message": "You need Hosting Organization staff access or an assignment to this Project.",
    "reason": "HOST_COORDINATION_REQUIRED",
    "status": 403,
  },
  "hostingClaimReviewRequired": {
    "code": "FORBIDDEN",
    "message": "Only Hosting staff may review Claims.",
    "reason": "HOSTING_CLAIM_REVIEW_REQUIRED",
    "status": 403,
  },
  "hostingPaymentCorrectionRequired": {
    "code": "FORBIDDEN",
    "message": "Only Hosting staff may correct payment.",
    "reason": "HOSTING_PAYMENT_CORRECTION_REQUIRED",
    "status": 403,
  },
  "hostingPaymentRequired": {
    "code": "FORBIDDEN",
    "message": "Only Hosting staff may record payment.",
    "reason": "HOSTING_PAYMENT_REQUIRED",
    "status": 403,
  },
  "hostingSideRequired": {
    "code": "FORBIDDEN",
    "message": "Only the Hosting Organization can assign this Project.",
    "reason": "HOSTING_SIDE_REQUIRED",
    "status": 403,
  },
  "hostingStaffRequired": {
    "code": "FORBIDDEN",
    "message": "You need Hosting Organization Owner, Admin, or Project Coordinator access.",
    "reason": "HOSTING_STAFF_REQUIRED",
    "status": 403,
  },
  "incompleteProfile": {
    "code": "UNPROCESSABLE_CONTENT",
    "message": "Complete your Participant profile before accessing Projects.",
    "reason": "PARTICIPANT_PROFILE_REQUIRED",
    "status": 422,
  },
  "internalFailure": {
    "code": "INTERNAL_SERVER_ERROR",
    "message": "Internal server error",
    "reason": "INTERNAL_FAILURE",
    "status": 500,
  },
  "invalidCredentials": {
    "code": "UNAUTHORIZED",
    "message": "Incorrect email or password.",
    "reason": "INVALID_CREDENTIALS",
    "status": 401,
  },
  "invalidOrganizationRole": {
    "code": "BAD_REQUEST",
    "message": "The "member" role is forbidden in Cost Tracker. Use a defined Organization role.",
    "reason": "INVALID_ORGANIZATION_ROLE",
    "status": 400,
  },
  "invalidProjectCursor": {
    "code": "BAD_REQUEST",
    "message": "The Project page cursor is invalid for these filters.",
    "reason": "INVALID_PROJECT_CURSOR",
    "status": 400,
  },
  "joinedOtherPartner": {
    "code": "BAD_REQUEST",
    "message": "You already joined this Project through another Partner Organization.",
    "reason": "JOINED_OTHER_PARTNER",
    "status": 400,
  },
  "journeyAlreadyExists": {
    "code": "BAD_REQUEST",
    "message": "This Participation already has a Participant Journey.",
    "reason": "JOURNEY_ALREADY_EXISTS",
    "status": 400,
  },
  "journeyDistanceOutsideBands": {
    "code": "BAD_REQUEST",
    "message": "Journey distance must have exactly one frozen funding band.",
    "reason": "JOURNEY_DISTANCE_OUTSIDE_BANDS",
    "status": 400,
  },
  "journeySelectionRequired": {
    "code": "BAD_REQUEST",
    "message": "Select an existing Participant Journey in this Project Partnership.",
    "reason": "JOURNEY_SELECTION_REQUIRED",
    "status": 400,
  },
  "journeysLocked": {
    "code": "BAD_REQUEST",
    "message": "Claim is locked; Participant Journeys cannot change.",
    "reason": "JOURNEYS_LOCKED",
    "status": 400,
  },
  "membershipChanged": {
    "code": "BAD_REQUEST",
    "message": "Membership changed; please retry onboarding.",
    "reason": "MEMBERSHIP_CHANGED",
    "status": 400,
  },
  "notFound": {
    "code": "NOT_FOUND",
    "message": "Resource not found in scope.",
    "reason": "RESOURCE_NOT_FOUND",
    "status": 404,
  },
  "notMember": {
    "code": "FORBIDDEN",
    "message": "Membership in the active Organization is required.",
    "reason": "ORGANIZATION_MEMBERSHIP_REQUIRED",
    "status": 403,
  },
  "organizationManagementRequired": {
    "code": "FORBIDDEN",
    "message": "You need Organization Owner or Admin access to manage this Organization.",
    "reason": "ORGANIZATION_MANAGEMENT_REQUIRED",
    "status": 403,
  },
  "organizationOwnerRequired": {
    "code": "FORBIDDEN",
    "message": "You must be an Owner of the selected Organization.",
    "reason": "ORGANIZATION_OWNER_REQUIRED",
    "status": 403,
  },
  "participantAlreadyInvited": {
    "code": "BAD_REQUEST",
    "message": "This person already has an invitation to this Project.",
    "reason": "PARTICIPANT_ALREADY_INVITED",
    "status": 400,
  },
  "participantAlreadyParticipates": {
    "code": "BAD_REQUEST",
    "message": "This person already participates in this Project.",
    "reason": "PARTICIPANT_ALREADY_PARTICIPATES",
    "status": 400,
  },
  "participantInvitationAccepted": {
    "code": "BAD_REQUEST",
    "message": "Accepted invitations cannot be changed.",
    "reason": "PARTICIPANT_INVITATION_ACCEPTED",
    "status": 400,
  },
  "participantInvitationClosed": {
    "code": "BAD_REQUEST",
    "message": "Invitation is closed.",
    "reason": "PARTICIPANT_INVITATION_CLOSED",
    "status": 400,
  },
  "participantInvitationExpired": {
    "code": "BAD_REQUEST",
    "message": "Participant Invitation has expired.",
    "reason": "PARTICIPANT_INVITATION_EXPIRED",
    "status": 400,
  },
  "participantInvitationNotFound": {
    "code": "NOT_FOUND",
    "message": "Participant Invitation not found.",
    "reason": "PARTICIPANT_INVITATION_NOT_FOUND",
    "status": 404,
  },
  "participantInvitationWrongAccount": {
    "code": "FORBIDDEN",
    "message": "Invitation is not for this account.",
    "reason": "PARTICIPANT_INVITATION_WRONG_ACCOUNT",
    "status": 403,
  },
  "participationCreateLocked": {
    "code": "BAD_REQUEST",
    "message": "Locked Claim prevents Participation creation.",
    "reason": "PARTICIPATION_CREATE_LOCKED",
    "status": 400,
  },
  "participationDuplicate": {
    "code": "BAD_REQUEST",
    "message": "Identity already participates in this Project; request merge review.",
    "reason": "PARTICIPATION_DUPLICATE",
    "status": 400,
  },
  "participationIdentityConflict": {
    "code": "BAD_REQUEST",
    "message": "This identity already participates in this Project.",
    "reason": "PARTICIPATION_IDENTITY_CONFLICT",
    "status": 400,
  },
  "participationJourneyOrCostReferenced": {
    "code": "BAD_REQUEST",
    "message": "Participation is referenced by a Participant Journey or Cost Allocation; request review instead.",
    "reason": "PARTICIPATION_JOURNEY_OR_COST_REFERENCED",
    "status": 400,
  },
  "participationNotFound": {
    "code": "NOT_FOUND",
    "message": "Participation not found in scope.",
    "reason": "PARTICIPATION_NOT_FOUND",
    "status": 404,
  },
  "participationReferenced": {
    "code": "BAD_REQUEST",
    "message": "Participation is referenced; request review instead.",
    "reason": "PARTICIPATION_REFERENCED",
    "status": 400,
  },
  "participationRemoveLocked": {
    "code": "BAD_REQUEST",
    "message": "Locked Claim prevents Participation removal.",
    "reason": "PARTICIPATION_REMOVE_LOCKED",
    "status": 400,
  },
  "participationRepresentationConflict": {
    "code": "BAD_REQUEST",
    "message": "Participation cannot be created for this Project Partnership.",
    "reason": "PARTICIPATION_REPRESENTATION_CONFLICT",
    "status": 400,
  },
  "participationSelectionRequired": {
    "code": "BAD_REQUEST",
    "message": "Select a Participation in this Project Partnership.",
    "reason": "PARTICIPATION_SELECTION_REQUIRED",
    "status": 400,
  },
  "participationUpdateLocked": {
    "code": "BAD_REQUEST",
    "message": "Locked Claim prevents Participation changes.",
    "reason": "PARTICIPATION_UPDATE_LOCKED",
    "status": 400,
  },
  "partnerClaimEditRequired": {
    "code": "FORBIDDEN",
    "message": "Only the Partner Organization may edit its Claim.",
    "reason": "PARTNER_CLAIM_EDIT_REQUIRED",
    "status": 403,
  },
  "partnerClaimPreviewRequired": {
    "code": "FORBIDDEN",
    "message": "Only the Partner Organization may preview its Claim.",
    "reason": "PARTNER_CLAIM_PREVIEW_REQUIRED",
    "status": 403,
  },
  "partnerClaimSubmitRequired": {
    "code": "FORBIDDEN",
    "message": "Only the Partner Organization may submit its Claim.",
    "reason": "PARTNER_CLAIM_SUBMIT_REQUIRED",
    "status": 403,
  },
  "partnerCoordinationRequired": {
    "code": "FORBIDDEN",
    "message": "You need Partner Organization staff access or an assignment to this Project Partnership.",
    "reason": "PARTNER_COORDINATION_REQUIRED",
    "status": 403,
  },
  "partnerCostsRequired": {
    "code": "FORBIDDEN",
    "message": "Only the Partner Organization may manage Claim costs.",
    "reason": "PARTNER_COSTS_REQUIRED",
    "status": 403,
  },
  "partnerDocumentsRequired": {
    "code": "FORBIDDEN",
    "message": "Only the Partner Organization may manage Proof Documents.",
    "reason": "PARTNER_DOCUMENTS_REQUIRED",
    "status": 403,
  },
  "partnerDuplicateReviewRequired": {
    "code": "FORBIDDEN",
    "message": "Only the Partner Organization may review duplicate identities.",
    "reason": "PARTNER_DUPLICATE_REVIEW_REQUIRED",
    "status": 403,
  },
  "partnerEntryRequired": {
    "code": "FORBIDDEN",
    "message": "Only the Partner Organization of this Project Partnership may issue participant entry points.",
    "reason": "PARTNER_ENTRY_REQUIRED",
    "status": 403,
  },
  "partnerJourneysRequired": {
    "code": "FORBIDDEN",
    "message": "Only the Partner Organization may manage Participant Journeys.",
    "reason": "PARTNER_JOURNEYS_REQUIRED",
    "status": 403,
  },
  "partnerOnboardingProgressRequired": {
    "code": "FORBIDDEN",
    "message": "Only the Partner Organization may read Participant onboarding progress.",
    "reason": "PARTNER_ONBOARDING_PROGRESS_REQUIRED",
    "status": 403,
  },
  "partnerOrganizationNotFound": {
    "code": "NOT_FOUND",
    "message": "Partner Organization not found.",
    "reason": "PARTNER_ORGANIZATION_NOT_FOUND",
    "status": 404,
  },
  "partnerParticipantSearchRequired": {
    "code": "FORBIDDEN",
    "message": "Only the Partner Organization may search onboarded Participants.",
    "reason": "PARTNER_PARTICIPANT_SEARCH_REQUIRED",
    "status": 403,
  },
  "partnerParticipationCreateRequired": {
    "code": "FORBIDDEN",
    "message": "Only the Partner Organization may create its Participation.",
    "reason": "PARTNER_PARTICIPATION_CREATE_REQUIRED",
    "status": 403,
  },
  "partnerParticipationRemoveRequired": {
    "code": "FORBIDDEN",
    "message": "Only the Partner Organization may remove its Participation.",
    "reason": "PARTNER_PARTICIPATION_REMOVE_REQUIRED",
    "status": 403,
  },
  "partnerParticipationUpdateRequired": {
    "code": "FORBIDDEN",
    "message": "Only the Partner Organization may update its Participation.",
    "reason": "PARTNER_PARTICIPATION_UPDATE_REQUIRED",
    "status": 403,
  },
  "partnerPayoutSelectionRequired": {
    "code": "BAD_REQUEST",
    "message": "Select a Payout Account belonging to the Partner Organization.",
    "reason": "PARTNER_PAYOUT_SELECTION_REQUIRED",
    "status": 400,
  },
  "partnershipAlreadyAssigned": {
    "code": "BAD_REQUEST",
    "message": "This Organization is already assigned to the Project.",
    "reason": "PARTNERSHIP_ALREADY_ASSIGNED",
    "status": 400,
  },
  "partnershipInvariant": {
    "code": "BAD_REQUEST",
    "message": "This Project Partnership cannot be created with the selected Organizations.",
    "reason": "PARTNERSHIP_INVARIANT",
    "status": 400,
  },
  "partnershipNotFound": {
    "code": "NOT_FOUND",
    "message": "Project Partnership not found in scope.",
    "reason": "PROJECT_PARTNERSHIP_NOT_FOUND",
    "status": 404,
  },
  "partnershipReferenced": {
    "code": "BAD_REQUEST",
    "message": "Remove or reassign represented Project Participations before removing this Project Partnership.",
    "reason": "PARTNERSHIP_REFERENCED",
    "status": 400,
  },
  "payoutAccountRequired": {
    "code": "BAD_REQUEST",
    "message": "Select a Partner Payout Account before saving the Claim.",
    "reason": "PAYOUT_ACCOUNT_REQUIRED",
    "status": 400,
  },
  "payoutSelectionLocked": {
    "code": "BAD_REQUEST",
    "message": "Payout Account selection is locked while the Claim is not editable.",
    "reason": "PAYOUT_SELECTION_LOCKED",
    "status": 400,
  },
  "projectAlreadyCompleted": {
    "code": "BAD_REQUEST",
    "message": "Project is already completed.",
    "reason": "PROJECT_ALREADY_COMPLETED",
    "status": 400,
  },
  "projectCompletionBlocked": {
    "code": "BAD_REQUEST",
    "composedCopy": true,
    "message": "Cannot complete Project:",
    "reason": "PROJECT_COMPLETION_BLOCKED",
    "status": 400,
  },
  "projectNotFound": {
    "code": "NOT_FOUND",
    "message": "Project not found in scope.",
    "reason": "PROJECT_NOT_FOUND",
    "status": 404,
  },
  "projectReadRequired": {
    "code": "FORBIDDEN",
    "message": "The active Organization role cannot read this Project.",
    "reason": "PROJECT_READ_REQUIRED",
    "status": 403,
  },
  "proofDownloadFailed": {
    "code": "INTERNAL_SERVER_ERROR",
    "message": "Download failed. Please try again.",
    "reason": "PROOF_DOWNLOAD_FAILED",
    "status": 500,
  },
  "proofFileEmpty": {
    "code": "BAD_REQUEST",
    "message": "Choose a non-empty Proof Document.",
    "reason": "PROOF_FILE_EMPTY",
    "status": 400,
  },
  "proofFileNameRequired": {
    "code": "BAD_REQUEST",
    "message": "Choose a Proof Document with a file name.",
    "reason": "PROOF_FILE_NAME_REQUIRED",
    "status": 400,
  },
  "proofFileTooLarge": {
    "code": "PAYLOAD_TOO_LARGE",
    "message": "Choose a Proof Document no larger than 10 MB.",
    "reason": "PROOF_FILE_TOO_LARGE",
    "status": 413,
  },
  "proofMediaUnsupported": {
    "code": "UNSUPPORTED_MEDIA_TYPE",
    "message": "Choose a PDF, JPEG, or PNG Proof Document.",
    "reason": "PROOF_MEDIA_UNSUPPORTED",
    "status": 415,
  },
  "proofMultipartInvalid": {
    "code": "BAD_REQUEST",
    "message": "Invalid multipart upload.",
    "reason": "PROOF_MULTIPART_INVALID",
    "status": 400,
  },
  "proofNotFound": {
    "code": "NOT_FOUND",
    "message": "Proof Document not found in scope.",
    "reason": "PROOF_DOCUMENT_NOT_FOUND",
    "status": 404,
  },
  "proofOriginDenied": {
    "code": "FORBIDDEN",
    "message": "Invalid upload origin.",
    "reason": "PROOF_ORIGIN_DENIED",
    "status": 403,
  },
  "proofSelectionRequired": {
    "code": "BAD_REQUEST",
    "message": "Select a file and Project Partnership.",
    "reason": "PROOF_SELECTION_REQUIRED",
    "status": 400,
  },
  "proofTransportTooLarge": {
    "code": "PAYLOAD_TOO_LARGE",
    "message": "The upload request is too large.",
    "reason": "PROOF_TRANSPORT_TOO_LARGE",
    "status": 413,
  },
  "proofUploadFailed": {
    "code": "INTERNAL_SERVER_ERROR",
    "message": "Upload failed. Please try again.",
    "reason": "PROOF_UPLOAD_FAILED",
    "status": 500,
  },
  "rateLimited": {
    "code": "TOO_MANY_REQUESTS",
    "message": "Too many requests were sent. Wait a moment and try again.",
    "reason": "RATE_LIMITED",
    "status": 429,
  },
  "registrationClaimLocked": {
    "code": "BAD_REQUEST",
    "message": "A non-editable Claim prevents reopening registration.",
    "reason": "REGISTRATION_CLAIM_LOCKED",
    "status": 400,
  },
  "registrationLinkClosed": {
    "code": "BAD_REQUEST",
    "message": "Registration link is closed.",
    "reason": "REGISTRATION_LINK_CLOSED",
    "status": 400,
  },
  "registrationLinkNotFound": {
    "code": "NOT_FOUND",
    "message": "Registration link not found.",
    "reason": "REGISTRATION_LINK_NOT_FOUND",
    "status": 404,
  },
  "reviewReasonRequired": {
    "code": "BAD_REQUEST",
    "message": "A review reason is required.",
    "reason": "REVIEW_REASON_REQUIRED",
    "status": 400,
  },
  "reviewTaskAssigneeRequired": {
    "code": "FORBIDDEN",
    "message": "Only the assigned reviewer may resolve this Review Task.",
    "reason": "REVIEW_TASK_ASSIGNEE_REQUIRED",
    "status": 403,
  },
  "reviewTaskNotAssigned": {
    "code": "BAD_REQUEST",
    "message": "Review Task must be assigned before resolution.",
    "reason": "REVIEW_TASK_NOT_ASSIGNED",
    "status": 400,
  },
  "reviewTaskNotFound": {
    "code": "NOT_FOUND",
    "message": "Review Task not found in scope.",
    "reason": "REVIEW_TASK_NOT_FOUND",
    "status": 404,
  },
  "reviewTaskNotOpen": {
    "code": "BAD_REQUEST",
    "message": "Review Task is not open.",
    "reason": "REVIEW_TASK_NOT_OPEN",
    "status": 400,
  },
  "reviewTaskSurvivorRequired": {
    "code": "BAD_REQUEST",
    "message": "Review Task cannot be resolved with this survivor.",
    "reason": "REVIEW_TASK_SURVIVOR_REQUIRED",
    "status": 400,
  },
  "selectOrganization": {
    "code": "BAD_REQUEST",
    "message": "Select an active Organization before accessing Cost Tracker data.",
    "reason": "ACTIVE_ORGANIZATION_REQUIRED",
    "status": 400,
  },
  "selfPartnership": {
    "code": "BAD_REQUEST",
    "message": "The Hosting Organization cannot be its own Partner Organization.",
    "reason": "SELF_PARTNERSHIP",
    "status": 400,
  },
  "setupLinkDisabled": {
    "code": "BAD_REQUEST",
    "message": "This setup link is disabled.",
    "reason": "SETUP_LINK_DISABLED",
    "status": 400,
  },
  "setupLinkExpired": {
    "code": "BAD_REQUEST",
    "message": "This setup link has expired.",
    "reason": "SETUP_LINK_EXPIRED",
    "status": 400,
  },
  "setupLinkNotFound": {
    "code": "NOT_FOUND",
    "message": "Setup link not found.",
    "reason": "SETUP_LINK_NOT_FOUND",
    "status": 404,
  },
  "setupLinkUsed": {
    "code": "BAD_REQUEST",
    "message": "This setup link has already been used.",
    "reason": "SETUP_LINK_USED",
    "status": 400,
  },
  "setupLinkWrongEmail": {
    "code": "FORBIDDEN",
    "message": "This setup link belongs to another email address.",
    "reason": "SETUP_LINK_WRONG_EMAIL",
    "status": 403,
  },
  "staffInvitationClosed": {
    "code": "BAD_REQUEST",
    "message": "Organization Invitation is no longer pending.",
    "reason": "STAFF_INVITATION_CLOSED",
    "status": 400,
  },
  "staffInvitationExpired": {
    "code": "BAD_REQUEST",
    "message": "Organization Invitation has expired.",
    "reason": "STAFF_INVITATION_EXPIRED",
    "status": 400,
  },
  "staffInvitationNotFound": {
    "code": "NOT_FOUND",
    "message": "Organization Invitation not found.",
    "reason": "STAFF_INVITATION_NOT_FOUND",
    "status": 404,
  },
  "staffInvitationRoleTooHigh": {
    "code": "FORBIDDEN",
    "message": "This invitation would grant a role above your own.",
    "reason": "STAFF_INVITATION_ROLE_TOO_HIGH",
    "status": 403,
  },
  "staffInvitationWrongEmail": {
    "code": "FORBIDDEN",
    "message": "Sign in with the invited email address.",
    "reason": "STAFF_INVITATION_WRONG_EMAIL",
    "status": 403,
  },
  "staffInvitationWrongKind": {
    "code": "BAD_REQUEST",
    "message": "This invitation is not an Organization staff invitation.",
    "reason": "STAFF_INVITATION_WRONG_KIND",
    "status": 400,
  },
  "submissionIncomplete": {
    "code": "BAD_REQUEST",
    "message": "Claim submission checklist is incomplete.",
    "reason": "CLAIM_SUBMISSION_INCOMPLETE",
    "status": 400,
  },
  "unauthenticated": {
    "code": "UNAUTHORIZED",
    "message": "Your session is missing or has expired. Sign in to continue.",
    "reason": "SESSION_REQUIRED",
    "status": 401,
  },
  "unavailable": {
    "code": "SERVICE_UNAVAILABLE",
    "message": "The service is temporarily unavailable. Try again later.",
    "reason": "SERVICE_UNAVAILABLE",
    "status": 503,
  },
  "unprocessable": {
    "code": "UNPROCESSABLE_CONTENT",
    "message": "The request cannot be completed with the current details.",
    "reason": "UNPROCESSABLE_REQUEST",
    "status": 422,
  },
  "verifyEmail": {
    "code": "FORBIDDEN",
    "message": "Verify your email before continuing.",
    "reason": "EMAIL_VERIFICATION_REQUIRED",
    "status": 403,
  },
}
`;
